   Compiling web-server-report v0.1.0 (/home/tchuong/Màn hình nền/Code-Server-Report-Crypto-AI/Web-server-Report)
warning: the type `CacheSystemIsland` does not permit zero-initialization
   --> src/service_islands/layer3_communication/redis_stream_reader/mod.rs:182:45
    |
182 |             cache_system: Arc::new(unsafe { std::mem::zeroed() }), // Mock for test
    |                                             ^^^^^^^^^^^^^^^^^^
    |                                             |
    |                                             this code causes undefined behavior when executed
    |                                             help: use `MaybeUninit<T>` instead, and only call `assume_init` after initialization is done
    |
note: `std::sync::Arc<multi_tier_cache::CacheManager>` must be non-null (in this struct field)
   --> src/service_islands/layer1_infrastructure/cache_system_island/mod.rs:31:5
    |
 31 |     inner: LibraryCacheSystem,
    |     ^^^^^^^^^^^^^^^^^^^^^^^^^
    = note: because `std::ptr::NonNull<alloc::sync::ArcInner<multi_tier_cache::CacheManager>>` must be non-null
    = note: `#[warn(invalid_value)]` on by default

warning: `web-server-report` (lib test) generated 1 warning
    Finished `test` profile [optimized + debuginfo] target(s) in 7.68s
     Running unittests src/lib.rs (target/debug/deps/web_server_report-11269b2a264619e3)

running 28 tests

thread 'service_islands::layer3_communication::redis_stream_reader::tests::test_stream_fields_to_json' (8636) panicked at library/core/src/panicking.rs:225:5:
attempted to zero-initialize type `service_islands::layer1_infrastructure::cache_system_island::CacheSystemIsland`, which is invalid
note: run with `RUST_BACKTRACE=1` environment variable to display a backtrace
thread caused non-unwinding panic. aborting.
error: test failed, to rerun pass `--lib`

Caused by:
  process didn't exit successfully: `/home/tchuong/Màn hình nền/Code-Server-Report-Crypto-AI/Web-server-Report/target/debug/deps/web_server_report-11269b2a264619e3` (signal: 6, SIGABRT: process abort signal)
